
[1m[30m[46m RUN [49m[39m[22m [36mv5.0.1 [39m[90m/app/applet[39m

 [31m❯[39m test/character-state-frontend.test.tsx [2m([22m[2m6 tests[22m[2m | [22m[31m2 failed[39m[2m)[22m[33m 1212[2mms[22m[39m
   [31m❯[39m Phase 5.7 Character State Frontend Test Suite [2m(6)[22m
     [32m✓[39m 1. API client calls the correct branch-scoped endpoint.[32m 68[2mms[22m[39m
     [32m✓[39m 3. Character states render from the API response.[32m 48[2mms[22m[39m
[31m     [31m×[31m 9. Empty state collection renders correctly.[39m[32m 21[2mms[22m[39m
     [32m✓[39m 11. Branch switch causes a new branch-specific state request.[32m 41[2mms[22m[39m
     [32m✓[39m 13. API failure renders a safe error state.[32m 22[2mms[22m[39m
[31m     [31m×[31m 24. Empty branch does not inherit another branch state.[39m[33m 1009[2mms[22m[39m

[31m⎯⎯⎯⎯⎯⎯⎯[39m[1m[41m Failed Tests 2 [49m[22m[31m⎯⎯⎯⎯⎯⎯⎯[39m

[41m[1m FAIL [22m[49m test/character-state-frontend.test.tsx[2m > [22mPhase 5.7 Character State Frontend Test Suite[2m > [22m9. Empty state collection renders correctly.
[31m[1mAssertionError[22m: expected <span …(1)></span> to be null[39m

[32m- Expected:[39m
null

[31m+ Received:[39m
<span
  class="text-[11px] font-medium text-slate-400"
>
  Alive
</span>

[36m [2m❯[22m test/character-state-frontend.test.tsx:[2m87:41[22m[39m
    [90m 85|[39m     // 10. Character with no dynamic states does not receive fabricate…
    [90m 86|[39m     expect(screen.getByText('No dynamic states established yet.')).toB…
    [90m 87|[39m     expect(screen.queryByText('Alive')).toBeNull();
    [90m   |[39m                                         [31m^[39m
    [90m 88|[39m   });
    [90m 89|[39m

[31m[2m⎯⎯⎯⎯⎯⎯⎯⎯⎯⎯⎯⎯⎯⎯⎯⎯⎯⎯⎯⎯⎯⎯⎯⎯[1/2]⎯[22m[39m

[41m[1m FAIL [22m[49m test/character-state-frontend.test.tsx[2m > [22mPhase 5.7 Character State Frontend Test Suite[2m > [22m24. Empty branch does not inherit another branch state.
[31m[1mTestingLibraryElementError[22m[39m: Found multiple elements with the text: No canonical characters.

Here are the matching elements:

Ignored nodes: comments, script, style
[36m<p[39m
  [33mclass[39m=[32m"text-sm font-medium"[39m
[36m>[39m
  [0mNo canonical characters.[0m
[36m</p>[39m

Ignored nodes: comments, script, style
[36m<p[39m
  [33mclass[39m=[32m"text-sm font-medium"[39m
[36m>[39m
  [0mNo canonical characters.[0m
[36m</p>[39m

Ignored nodes: comments, script, style
[36m<p[39m
  [33mclass[39m=[32m"text-sm font-medium"[39m
[36m>[39m
  [0mNo canonical characters.[0m
[36m</p>[39m

(If this is intentional, then use the `*AllBy*` variant of the query (like `queryAllByText`, `getAllByText`, or `findAllByText`)).

Ignored nodes: comments, script, style
[36m<body>[39m
  [36m<div>[39m
    [36m<div[39m
      [33mclass[39m=[32m"flex flex-col items-center justify-center p-12 text-slate-500 text-center"[39m
    [36m>[39m
      [36m<svg[39m
        [33maria-hidden[39m=[32m"true"[39m
        [33mclass[39m=[32m"lucide lucide-users w-8 h-8 mb-3 opacity-30"[39m
        [33mfill[39m=[32m"none"[39m
        [33mheight[39m=[32m"24"[39m
        [33mstroke[39m=[32m"currentColor"[39m
        [33mstroke-linecap[39m=[32m"round"[39m
        [33mstroke-linejoin[39m=[32m"round"[39m
        [33mstroke-width[39m=[32m"2"[39m
        [33mviewBox[39m=[32m"0 0 24 24"[39m
        [33mwidth[39m=[32m"24"[39m
        [33mxmlns[39m=[32m"http://www.w3.org/2000/svg"[39m
      [36m>[39m
        [36m<path[39m
          [33md[39m=[32m"M16 21v-2a4 4 0 0 0-4-4H6a4 4 0 0 0-4 4v2"[39m
        [36m/>[39m
        [36m<path[39m
          [33md[39m=[32m"M16 3.128a4 4 0 0 1 0 7.744"[39m
        [36m/>[39m
        [36m<path[39m
          [33md[39m=[32m"M22 21v-2a4 4 0 0 0-3-3.87"[39m
        [36m/>[39m
        [36m<circle[39m
          [33mcx[39m=[32m"9"[39m
          [33mcy[39m=[32m"7"[39m
          [33mr[39m=[32m"4"[39m
        [36m/>[39m
      [36m</svg>[39m
      [36m<p[39m
        [33mclass[39m=[32m"text-sm font-medium"[39m
      [36m>[39m
        [0mNo canonical characters.[0m
      [36m</p>[39m
      [36m<p[39m
        [33mclass[39m=[32m"text-xs mt-1"[39m
      [36m>[39m
        [0mAdd characters to the chronicle to track their state.[0m
      [36m</p>[39m
    [36m</div>[39m
  [36m</div>[39m
  [36m<div>[39m
    [36m<div[39m
      [33mclass[39m=[32m"flex flex-col space-y-4 p-4"[39m
    [36m>[39m
      [36m<div[39m
        [33mclass[39m=[32m"rounded-xl bg-slate-900/60 border border-slate-800 overflow-hidden"[39m
      [36m>[39m
        [36m<div[39m
          [33mclass[39m=[32m"p-3 bg-slate-800/40 border-b border-slate-800/80 flex flex-col gap-1"[39m
        [36m>[39m
          [36m<div[39m
            [33mclass[39m=[32m"flex items-center justify-between"[39m
          [36m>[39m
            [36m<h4[39m
              [33mclass[39m=[32m"font-bold text-slate-200 text-sm"[39m
            [36m>[39m
              [0mMira[0m
            [36m</h4>[39m
            [36m<span[39m
              [33mclass[39m=[32m"px-1.5 py-0.5 rounded text-[9px] font-bold uppercase tracking-wider bg-slate-700/50 text-slate-400"[39m
            [36m>[39m
              [0mSpy[0m
            [36m</span>[39m
          [36m</div>[39m
        [36m</div>[39m
        [36m<div[39m
          [33mclass[39m=[32m"p-3 bg-[#0b0f19]/30"[39m
        [36m>[39m
          [36m<h5[39m
            [33mclass[39m=[32m"text-[10px] font-bold text-amber-500/70 uppercase tracking-wider mb-2 flex items-center gap-1.5"[39m
          [36m>[39m
            [36m<span[39m
              [33mclass[39m=[32m"w-1.5 h-1.5 rounded-full bg-amber-500/50"[39m
            [36m/>[39m
            [0mCurrent Timeline State[0m
          [36m</h5>[39m
          [36m<div[39m
            [33mclass[39m=[32m"grid grid-cols-1 sm:grid-cols-2 gap-2"[39m
          [36m>[39m
            [36m<div[39m
              [33mclass[39m=[32m"flex justify-between items-center bg-slate-900/80 rounded border border-slate-800 px-2 py-1.5"[39m
            [36m>[39m
              [36m<span[39m
                [33mclass[39m=[32m"text-[11px] font-medium text-slate-400"[39m
              [36m>[39m
                [0mAlive[0m
              [36m</span>[39m
              [36m<span[39m
                [33mclass[39m=[32m"text-[11px] font-bold text-slate-200 text-right line-clamp-1 ml-2"[39m
                [33mtitle[39m=[32m"Yes"[39m
              [36m>[39m
                [0mYes[0m
              [36m</span>[39m
            [36m</div>[39m
            [36m<div[39m
              [33mclass[39m=[32m"flex justify-between items-center bg-slate-900/80 rounded border border-slate-800 px-2 py-1.5"[39m
            [36m>[39m
              [36m<span[39m
                [33mclass[39m=[32m"text-[11px] font-medium text-slate-400"[39m
              [36m>[39m
                [0mHealth Status[0m
              [36m</span>[39m
              [36m<span[39m
                [33mclass[39m=[32m"text-[11px] font-bold text-slate-200 text-right line-clamp-1 ml-2"[39m
                [33mtitle[39m=[32m"wounded"[39m
              [36m>[39m
                [0mwounded[0m
              [36m</span>[39m
            [36m</div>[39m
          [36m</div>[39m
        [36m</div>[39m
      [36m</div>[39m
    [36m</div>[39m
  [36m</div>[39m
  [36m<div>[39m
    [36m<div[39m
      [33mclass[39m=[32m"flex flex-col space-y-4 p-4"[39m
    [36m>[39m
      [36m<div[39m
        [33mclass[39m=[32m"rounded-xl bg-slate-900/60 border border-slate-800 overflow-hidden"[39m
      [36m>[39m
        [36m<div[39m
          [33mclass[39m=[32m"p-3 bg-slate-800/40 border-b border-slate-800/80 flex flex-col gap-1"[39m
        [36m>[39m
          [36m<div[39m
            [33mclass[39m=[32m"flex items-center justify-between"[39m
          [36m>[39m
            [36m<h4[39m
              [33mclass[39m=[32m"font-bold text-slate-200 text-sm"[39m
            [36m>[39m
              [0mMira[0m
            [36m</h4>[39m
            [36m<span[39m
              [33mclass[39m=[32m"px-1.5 py-0.5 rounded text-[9px] font-bold uppercase tracking-wider bg-slate-700/50 text-slate-400"[39m
            [36m>[39m
              [0mSpy[0m
            [36m</span>[39m
          [36m</div>[39m
        [36m</div>[39m
        [36m<div[39m
          [33mclass[39m=[32m"p-3 bg-[#0b0f19]/30"[39m
        [36m>[39m
          [36m<h5[39m
            [33mclass[39m=[32m"text-[10px] font-bold text-amber-500/70 uppercase tracking-wider mb-2 flex items-center gap-1.5"[39m
          [36m>[39m
            [36m<span[39m
              [33mclass[39m=[32m"w-1.5 h-1.5 rounded-full bg-amber-500/50"[39m
            [36m/>[39m
            [0mCurrent Timeline State[0m
          [36m</h5>[39m
          [36m<p[39m
            [33mclass[39m=[32m"text-xs text-slate-500 italic py-1"[39m
          [36m>[39m
            [0mNo dynamic states established yet.[0m
          [36m</p>[39m
        [36m</div>[39m
      [36m</div>[39m
    [36m</div>[39m
  [36m</div>[39m
  [36m<div>[39m
    [36m<div[39m
      [33mclass[39m=[32m"flex flex-col items-center justify-center p-12 text-slate-500 text-center"[39m
    [36m>[39m
      [36m<svg[39m
        [33maria-hidden[39m=[32m"true"[39m
        [33mclass[39m=[32m"lucide lucide-users w-8 h-8 mb-3 opacity-30"[39m
        [33mfill[39m=[32m"none"[39m
        [33mheight[39m=[32m"24"[39m
        [33mstroke[39m=[32m"currentColor"[39m
        [33mstroke-linecap[39m=[32m"round"[39m
        [33mstroke-linejoin[39m=[32m"round"[39m
        [33mstroke-width[39m=[32m"2"[39m
        [33mviewBox[39m=[32m"0 0 24 24"[39m
        [33mwidth[39m=[32m"24"[39m
        [33mxmlns[39m=[32m"http://www.w3.org/2000/svg"[39m
      [36m>[39m
        [36m<path[39m
          [33md[39m=[32m"M16 21v-2a4 4 0 0 0-4-4H6a4 4 0 0 0-4 4v2"[39m
        [36m/>[39m
        [36m<path[39m
          [33md[39m=[32m"M16 3.128a4 4 0 0 1 0 7.744"[39m
        [36m/>[39m
        [36m<path[39m
          [33md[39m=[32m"M22 21v-2a4 4 0 0 0-3-3.87"[39m
        [36m/>[39m
        [36m<circle[39m
          [33mcx[39m=[32m"9"[39m
          [33mcy[39m=[32m"7"[39m
          [33mr[39m=[32m"4"[39m
        [36m/>[39m
      [36m</svg>[39m
      [36m<p[39m
        [33mclass[39m=[32m"text-sm font-medium"[39m
      [36m>[39m
        [0mNo canonical characters.[0m
      [36m</p>[39m
      [36m<p[39m
        [33mclass[39m=[32m"text-xs mt-1"[39m
      [36m>[39m
        [0mAdd characters to the chronicle to track their state.[0m
      [36m</p>[39m
    [36m</div>[39m
  [36m</div>[39m
  [36m<div>[39m
    [36m<div[39m
      [33mclass[39m=[32m"flex flex-col items-center justify-center p-8"[39m
    [36m>[39m
      [36m<svg[39m
        [33maria-hidden[39m=[32m"true"[39m
        [33mclass[39m=[32m"lucide lucide-circle-alert w-8 h-8 text-rose-500/80 mb-3"[39m
        [33mfill[39m=[32m"none"[39m
        [33mheight[39m=[32m"24"[39m
        [33mstroke[39m=[32m"currentColor"[39m
        [33mstroke-linecap[39m=[32m"round"[39m
        [33mstroke-linejoin[39m=[32m"round"[39m
        [33mstroke-width[39m=[32m"2"[39m
        [33mviewBox[39m=[32m"0 0 24 24"[39m
        [33mwidth[39m=[32m"24"[39m
        [33mxmlns[39m=[32m"http://www.w3.org/2000/svg"[39m
      [36m>[39m
        [36m<circle[39m
          [33mcx[39m=[32m"12"[39m
          [33mcy[39m=[32m"12"[39m
          [33mr[39m=[32m"10"[39m
        [36m/>[39m
        [36m<line[39m
          [33mx1[39m=[32m"12"[39m
          [33mx2[39m=[32m"12"[39m
          [33my1[39m=[32m"8"[39m
          [33my2[39m=[32m"12"[39m
        [36m/>[39m
        [36m<line[39m
          [33mx1[39m=[32m"12"[39m
          [33mx2[39m=[32m"12.01"[39m
          [33my1[39m=[32m"16"[39m
          [33my2[39m=[32m"16"[39m
        [36m/>[39m
      [36m</svg>[39m
      [36m<p[39m
        [33mclass[39m=[32m"text-sm text-rose-400 font-medium mb-4"[39m
      [36m>[39m
        [0mNetwork error[0m
      [36m</p>[39m
      [36m<button[39m
        [33mclass[39m=[32m"flex items-center gap-1.5 px-3 py-1.5 rounded-lg bg-slate-800 hover:bg-slate-700 text-slate-300 text-xs transition"[39m
      [36m>[39m
        [36m<svg[39m
          [33maria-hidden[39m=[32m"true"[39m
          [33mclass[39m=[32m"lucide lucide-refresh-cw w-3.5 h-3.5"[39m
          [33mfill[39m=[32m"none"[39m
          [33mheight[39m=[32m"24"[39m
          [33mstroke[39m=[32m"currentColor"[39m
          [33mstroke-linecap[39m=[32m"round"[39m
          [33mstroke-linejoin[39m=[32m"round"[39m
          [33mstroke-width[39m=[32m"2"[39m
          [33mviewBox[39m=[32m"0 0 24 24"[39m
          [33mwidth[39m=[32m"24"[39m
          [33mxmlns[39m=[32m"http://www.w3.org/2000/svg"[39m
        [36m>[39m
          [36m<path[39m
            [33md[39m=[32m"M3 12a9 9 0 0 1 9-9 9.75 9.75 0 0 1 6.74 2.74L21 8"[39m
          [36m/>[39m
          [36m<path[39m
            [33md[39m=[32m"M21 3v5h-5"[39m
          [36m/>[39m
          [36m<path[39m
            [33md[39m=[32m"M21 12a9 9 0 0 1-9 9 9.75 9.75 0 0 1-6.74-2.74L3 16"[39m
          [36m/>[39m
          [36m<path[39m
            [33md[39m=[32m"M8 16H3v5"[39m
          [36m/>[39m
        [36m</svg>[39m
        [0mRetry[0m
      [36m</button>[39m
    [36m</div>[39m
  [36m</div>[39m
  [36m<div>[39m
    [36m<div[39m
      [33mclass[39m=[32m"flex flex-col items-center justify-center p-12 text-slate-500 text-center"[39m
    [36m>[39m
      [36m<svg[39m
        [33maria-hidden[39m=[32m"true"[39m
        [33mclass[39m=[32m"lucide lucide-users w-8 h-8 mb-3 opacity-30"[39m
        [33mfill[39m=[32m"none"[39m
        [33mheight[39m=[32m"24"[39m
        [33mstroke[39m=[32m"currentColor"[39m
        [33mstroke-linecap[39m=[32m"round"[39m
        [33mstroke-linejoin[39m=[32m"round"[39m
        [33mstroke-width[39m=[32m"2"[39m
        [33mviewBox[39m=[32m"0 0 24 24"[39m
        [33mwidth[39m=[32m"24"[39m
        [33mxmlns[39m=[32m"http://www.w3.org/2000/svg"[39m
      [36m>[39m
        [36m<path[39m
          [33md[39m=[32m"M16 21v-2a4 4 0 0 0-4-4H6a4 4 0 0 0-4 4v2"[39m
        [36m/>[39m
        [36m<path[39m
          [33md[39m=[32m"M16 3.128a4 4 0 0 1 0 7.744"[39m
        [36m/>[39m
        [36m<path[39m
          [33md[39m=[32m"M22 21v-2a4 4 0 0 0-3-3.87"[39m
        [36m/>[39m
        [36m<circle[39m
          [33mcx[39m=[32m"9"[39m
          [33mcy[39m=[32m"7"[39m
          [33mr[39m=[32m"4"[39m
        [36m/>[39m
      [36m</svg>[39m
      [36m<p[39m
        [33mclass[39m=[32m"text-sm font-medium"[39m
      [36m>[39m
        [0mNo canonical characters.[0m
      [36m</p>[39m
      [36m<p[39m
        [33mclass[39m=[32m"text-xs mt-1"[39m
      [36m>[39m
        [0mAdd characters to the chronicle to track their state.[0m
      [36m</p>[39m
    [36m</div>[39m
  [36m</div>[39m
[36m</body>[39m

Ignored nodes: comments, script, style
[36m<html>[39m
  [36m<head />[39m
  [36m<body>[39m
    [36m<div>[39m
      [36m<div[39m
        [33mclass[39m=[32m"flex flex-col items-center justify-center p-12 text-slate-500 text-center"[39m
      [36m>[39m
        [36m<svg[39m
          [33maria-hidden[39m=[32m"true"[39m
          [33mclass[39m=[32m"lucide lucide-users w-8 h-8 mb-3 opacity-30"[39m
          [33mfill[39m=[32m"none"[39m
          [33mheight[39m=[32m"24"[39m
          [33mstroke[39m=[32m"currentColor"[39m
          [33mstroke-linecap[39m=[32m"round"[39m
          [33mstroke-linejoin[39m=[32m"round"[39m
          [33mstroke-width[39m=[32m"2"[39m
          [33mviewBox[39m=[32m"0 0 24 24"[39m
          [33mwidth[39m=[32m"24"[39m
          [33mxmlns[39m=[32m"http://www.w3.org/2000/svg"[39m
        [36m>[39m
          [36m<path[39m
            [33md[39m=[32m"M16 21v-2a4 4 0 0 0-4-4H6a4 4 0 0 0-4 4v2"[39m
          [36m/>[39m
          [36m<path[39m
            [33md[39m=[32m"M16 3.128a4 4 0 0 1 0 7.744"[39m
          [36m/>[39m
          [36m<path[39m
            [33md[39m=[32m"M22 21v-2a4 4 0 0 0-3-3.87"[39m
          [36m/>[39m
          [36m<circle[39m
            [33mcx[39m=[32m"9"[39m
            [33mcy[39m=[32m"7"[39m
            [33mr[39m=[32m"4"[39m
          [36m/>[39m
        [36m</svg>[39m
        [36m<p[39m
          [33mclass[39m=[32m"text-sm font-medium"[39m
        [36m>[39m
          [0mNo canonical characters.[0m
        [36m</p>[39m
        [36m<p[39m
          [33mclass[39m=[32m"text-xs mt-1"[39m
        [36m>[39m
          [0mAdd characters to the chronicle to track their state.[0m
        [36m</p>[39m
      [36m</div>[39m
    [36m</div>[39m
    [36m<div>[39m
      [36m<div[39m
        [33mclass[39m=[32m"flex flex-col space-y-4 p-4"[39m
      [36m>[39m
        [36m<div[39m
          [33mclass[39m=[32m"rounded-xl bg-slate-900/60 border border-slate-800 overflow-hidden"[39m
        [36m>[39m
          [36m<div[39m
            [33mclass[39m=[32m"p-3 bg-slate-800/40 border-b border-slate-800/80 flex flex-col gap-1"[39m
          [36m>[39m
            [36m<div[39m
              [33mclass[39m=[32m"flex items-center justify-between"[39m
            [36m>[39m
              [36m<h4[39m
                [33mclass[39m=[32m"font-bold text-slate-200 text-sm"[39m
              [36m>[39m
                [0mMira[0m
              [36m</h4>[39m
              [36m<span[39m
                [33mclass[39m=[32m"px-1.5 py-0.5 rounded text-[9px] font-bold uppercase tracking-wider bg-slate-700/50 text-slate-400"[39m
              [36m>[39m
                [0mSpy[0m
              [36m</span>[39m
            [36m</div>[39m
          [36m</div>[39m
          [36m<div[39m
            [33mclass[39m=[32m"p-3 bg-[#0b0f19]/30"[39m
          [36m>[39m
            [36m<h5[39m
              [33mclass[39m=[32m"text-[10px] font-bold text-amber-500/70 uppercase tracking-wider mb-2 flex items-center gap-1.5"[39m
            [36m>[39m
              [36m<span[39m
                [33mclass[39m=[32m"w-1.5 h-1.5 rounded-full bg-amber-500/50"[39m
              [36m/>[39m
              [0mCurrent Timeline State[0m
            [36m</h5>[39m
            [36m<div[39m
              [33mclass[39m=[32m"grid grid-cols-1 sm:grid-cols-2 gap-2"[39m
            [36m>[39m
              [36m<div[39m
                [33mclass[39m=[32m"flex justify-between items-center bg-slate-900/80 rounded border border-slate-800 px-2 py-1.5"[39m
              [36m>[39m
                [36m<span[39m
                  [33mclass[39m=[32m"text-[11px] font-medium text-slate-400"[39m
                [36m>[39m
                  [0mAlive[0m
                [36m</span>[39m
                [36m<span[39m
                  [33mclass[39m=[32m"text-[11px] font-bold text-slate-200 text-right line-clamp-1 ml-2"[39m
                  [33mtitle[39m=[32m"Yes"[39m
                [36m>[39m
                  [0mYes[0m
                [36m</span>[39m
              [36m</div>[39m
              [36m<div[39m
                [33mclass[39m=[32m"flex justify-between items-center bg-slate-900/80 rounded border border-slate-800 px-2 py-1.5"[39m
              [36m>[39m
                [36m<span[39m
                  [33mclass[39m=[32m"text-[11px] font-medium text-slate-400"[39m
                [36m>[39m
                  [0mHealth Status[0m
                [36m</span>[39m
                [36m<span[39m
                  [33mclass[39m=[32m"text-[11px] font-bold text-slate-200 text-right line-clamp-1 ml-2"[39m
                  [33mtitle[39m=[32m"wounded"[39m
                [36m>[39m
                  [0mwounded[0m
                [36m</span>[39m
              [36m</div>[39m
            [36m</div>[39m
          [36m</div>[39m
        [36m</div>[39m
      [36m</div>[39m
    [36m</div>[39m
    [36m<div>[39m
      [36m<div[39m
        [33mclass[39m=[32m"flex flex-col space-y-4 p-4"[39m
      [36m>[39m
        [36m<div[39m
          [33mclass[39m=[32m"rounded-xl bg-slate-900/60 border border-slate-800 overflow-hidden"[39m
        [36m>[39m
          [36m<div[39m
            [33mclass[39m=[32m"p-3 bg-slate-800/40 border-b border-slate-800/80 flex flex-col gap-1"[39m
          [36m>[39m
            [36m<div[39m
              [33mclass[39m=[32m"flex items-center justify-between"[39m
            [36m>[39m
              [36m<h4[39m
                [33mclass[39m=[32m"font-bold text-slate-200 text-sm"[39m
              [36m>[39m
                [0mMira[0m
              [36m</h4>[39m
              [36m<span[39m
                [33mclass[39m=[32m"px-1.5 py-0.5 rounded text-[9px] font-bold uppercase tracking-wider bg-slate-700/50 text-slate-400"[39m
              [36m>[39m
                [0mSpy[0m
              [36m</span>[39m
            [36m</div>[39m
          [36m</div>[39m
          [36m<div[39m
            [33mclass[39m=[32m"p-3 bg-[#0b0f19]/30"[39m
          [36m>[39m
            [36m<h5[39m
              [33mclass[39m=[32m"text-[10px] font-bold text-amber-500/70 uppercase tracking-wider mb-2 flex items-center gap-1.5"[39m
            [36m>[39m
              [36m<span[39m
                [33mclass[39m=[32m"w-1.5 h-1.5 rounded-full bg-amber-500/50"[39m
              [36m/>[39m
              [0mCurrent Timeline State[0m
            [36m</h5>[39m
            [36m<p[39m
              [33mclass[39m=[32m"text-xs text-slate-500 italic py-1"[39m
            [36m>[39m
              [0mNo dynamic states established yet.[0m
            [36m</p>[39m
          [36m</div>[39m
        [36m</div>[39m
      [36m</div>[39m
    [36m</div>[39m
    [36m<div>[39m
      [36m<div[39m
        [33mclass[39m=[32m"flex flex-col items-center justify-center p-12 text-slate-500 text-center"[39m
      [36m>[39m
        [36m<svg[39m
          [33maria-hidden[39m=[32m"true"[39m
          [33mclass[39m=[32m"lucide lucide-users w-8 h-8 mb-3 opacity-30"[39m
          [33mfill[39m=[32m"none"[39m
          [33mheight[39m=[32m"24"[39m
          [33mstroke[39m=[32m"currentColor"[39m
          [33mstroke-linecap[39m=[32m"round"[39m
          [33mstroke-linejoin[39m=[32m"round"[39m
          [33mstroke-width[39m=[32m"2"[39m
          [33mviewBox[39m=[32m"0 0 24 24"[39m
          [33mwidth[39m=[32m"24"[39m
          [33mxmlns[39m=[32m"http://www.w3.org/2000/svg"[39m
        [36m>[39m
          [36m<path[39m
            [33md[39m=[32m"M16 21v-2a4 4 0 0 0-4-4H6a4 4 0 0 0-4 4v2"[39m
          [36m/>[39m
          [36m<path[39m
            [33md[39m=[32m"M16 3.128a4 4 0 0 1 0 7.744"[39m
          [36m/>[39m
          [36m<path[39m
            [33md[39m=[32m"M22 21v-2a4 4 0 0 0-3-3.87"[39m
          [36m/>[39m
          [36m<circle[39m
            [33mcx[39m=[32m"9"[39m
            [33mcy[39m=[32m"7"[39m
            [33mr[39m=[32m"4"[39m
          [36m/>[39m
        [36m</svg>[39m
        [36m<p[39m
          [33mclass[39m=[32m"text-sm font-medium"[39m
        [36m>[39m
          [0mNo canonical characters.[0m
        [36m</p>[39m
        [36m<p[39m
          [33mclass[39m=[32m"text-xs mt-1"[39m
        [36m>[39m
          [0mAdd characters to the chronicle to track their state.[0m
        [36m</p>[39m
      [36m</div>[39m
    [36m</div>[39m
    [36m<div>[39m
      [36m<div[39m
        [33mclass[39m=[32m"flex flex-col items-center justify-center p-8"[39m
      [36m>[39m
        [36m<svg[39m
          [33maria-hidden[39m=[32m"true"[39m
          [33mclass[39m=[32m"lucide lucide-circle-alert w-8 h-8 text-rose-500/80 mb-3"[39m
          [33mfill[39m=[32m"none"[39m
          [33mheight[39m=[32m"24"[39m
          [33mstroke[39m=[32m"currentColor"[39m
          [33mstroke-linecap[39m=[32m"round"[39m
          [33mstroke-linejoin[39m=[32m"round"[39m
          [33mstroke-width[39m=[32m"2"[39m
          [33mviewBox[39m=[32m"0 0 24 24"[39m
          [33mwidth[39m=[32m"24"[39m
          [33mxmlns[39m=[32m"http://www.w3.org/2000/svg"[39m
        [36m>[39m
          [36m<circle[39m
            [33mcx[39m=[32m"12"[39m
            [33mcy[39m=[32m"12"[39m
            [33mr[39m=[32m"10"[39m
          [36m/>[39m
          [36m<line[39m
            [33mx1[39m=[32m"12"[39m
            [33mx2[39m=[32m"12"[39m
            [33my1[39m=[32m"8"[39m
            [33my2[39m=[32m"12"[39m
          [36m/>[39m
          [36m<line[39m
            [33mx1[39m=[32m"12"[39m
            [33mx2[39m=[32m"12.01"[39m
            [33my1[39m=[32m"16"[39m
            [33my2[39m=[32m"16"[39m
          [36m/>[39m
        [36m</svg>[39m
        [36m<p[39m
          [33mclass[39m=[32m"text-sm text-rose-400 font-medium mb-4"[39m
        [36m>[39m
          [0mNetwork error[0m
        [36m</p>[39m
        [36m<button[39m
          [33mclass[39m=[32m"flex items-center gap-1.5 px-3 py-1.5 rounded-lg bg-slate-800 hover:bg-slate-700 text-slate-300 text-xs transition"[39m
        [36m>[39m
          [36m<svg[39m
            [33maria-hidden[39m=[32m"true"[39m
            [33mclass[39m=[32m"lucide lucide-refresh-cw w-3.5 h-3.5"[39m
            [33mfill[39m=[32m"none"[39m
            [33mheight[39m=[32m"24"[39m
            [33mstroke[39m=[32m"currentColor"[39m
            [33mstroke-linecap[39m=[32m"round"[39m
            [33mstroke-linejoin[39m=[32m"round"[39m
            [33mstroke-width[39m=[32m"2"[39m
            [33mviewBox[39m=[32m"0 0 24 24"[39m
            [33mwidth[39m=[32m"24"[39m
            [33mxmlns[39m=[32m"http://www.w3.org/2000/svg"[39m
          [36m>[39m
            [36m<path[39m
              [33md[39m=[32m"M3 12a9 9 0 0 1 9-9 9.75 9.75 0 0 1 6.74 2.74L21 8"[39m
            [36m/>[39m
            [36m<path[39m
              [33md[39m=[32m"M21 3v5h-5"[39m
            [36m/>[39m
            [36m<path[39m
              [33md[39m=[32m"M21 12a9 9 0 0 1-9 9 9.75 9.75 0 0 1-6.74-2.74L3 16"[39m
            [36m/>[39m
            [36m<path[39m
              [33md[39m=[32m"M8 16H3v5"[39m
            [36m/>[39m
          [36m</svg>[39m
          [0mRetry[0m
        [36m</button>[39m
      [36m</div>[39m
    [36m</div>[39m
    [36m<div>[39m
      [36m<div[39m
        [33mclass[39m=[32m"flex flex-col items-center justify-center p-12 text-slate-500 text-center"[39m
      [36m>[39m
        [36m<svg[39m
          [33maria-hidden[39m=[32m"true"[39m
          [33mclass[39m=[32m"lucide lucide-users w-8 h-8 mb-3 opacity-30"[39m
          [33mfill[39m=[32m"none"[39m
          [33mheight[39m=[32m"24"[39m
          [33mstroke[39m=[32m"currentColor"[39m
          [33mstroke-linecap[39m=[32m"round"[39m
          [33mstroke-linejoin[39m=[32m"round"[39m
          [33mstroke-width[39m=[32m"2"[39m
          [33mviewBox[39m=[32m"0 0 24 24"[39m
          [33mwidth[39m=[32m"24"[39m
          [33mxmlns[39m=[32m"http://www.w3.org/2000/svg"[39m
        [36m>[39m
          [36m<path[39m
            [33md[39m=[32m"M16 21v-2a4 4 0 0 0-4-4H6a4 4 0 0 0-4 4v2"[39m
          [36m/>[39m
          [36m<path[39m
            [33md[39m=[32m"M16 3.128a4 4 0 0 1 0 7.744"[39m
          [36m/>[39m
          [36m<path[39m
            [33md[39m=[32m"M22 21v-2a4 4 0 0 0-3-3.87"[39m
          [36m/>[39m
          [36m<circle[39m
            [33mcx[39m=[32m"9"[39m
            [33mcy[39m=[32m"7"[39m
            [33mr[39m=[32m"4"[39m
          [36m/>[39m
        [36m</svg>[39m
        [36m<p[39m
          [33mclass[39m=[32m"text-sm font-medium"[39m
        [36m>[39m
          [0mNo canonical characters.[0m
        [36m</p>[39m
        [36m<p[39m
          [33mclass[39m=[32m"text-xs mt-1"[39m
        [36m>[39m
          [0mAdd characters to the chronicle to track their state.[0m
        [36m</p>[39m
      [36m</div>[39m
    [36m</div>[39m
  [36m</body>[39m
[36m</html>[39m
[90m [2m❯[22m Proxy.waitForWrapper node_modules/@testing-library/dom/dist/wait-for.js:[2m163:27[22m[39m
[36m [2m❯[22m test/character-state-frontend.test.tsx:[2m128:13[22m[39m
    [90m126|[39m       render(<CharacterStatePanel activeBranchId="empty-branch" />);
    [90m127|[39m
    [90m128|[39m       await waitFor(() => {
    [90m   |[39m             [31m^[39m
    [90m129|[39m         expect(screen.getByText('No canonical characters.')).toBeDefin…
    [90m130|[39m       });

[31m[2m⎯⎯⎯⎯⎯⎯⎯⎯⎯⎯⎯⎯⎯⎯⎯⎯⎯⎯⎯⎯⎯⎯⎯⎯[2/2]⎯[22m[39m


[2m Test Files [22m [1m[31m1 failed[39m[22m[90m (1)[39m
[2m      Tests [22m [1m[31m2 failed[39m[22m[2m | [22m[1m[32m4 passed[39m[22m[90m (6)[39m
[2m   Start at [22m 13:44:04
[2m   Duration [22m 5.45s[2m (environment 51%, tests 24%, import 17%, transform 8%)[22m

